[{"stream_name":"stderr","time":6.904800435,"data":"0.00s - Debugger warning: It seems that frozen modules are being used, which may\n"}
,{"stream_name":"stderr","time":6.904850332,"data":"0.00s - make the debugger miss breakpoints. Please pass -Xfrozen_modules=off\n"}
,{"stream_name":"stderr","time":6.904854672,"data":"0.00s - to python to disable frozen modules.\n"}
,{"stream_name":"stderr","time":6.904857401,"data":"0.00s - Note: Debugging will proceed. Set PYDEVD_DISABLE_FILE_VALIDATION=1 to disable this validation.\n"}
,{"stream_name":"stderr","time":7.483750043,"data":"0.00s - Debugger warning: It seems that frozen modules are being used, which may\n"}
,{"stream_name":"stderr","time":7.483787181,"data":"0.00s - make the debugger miss breakpoints. Please pass -Xfrozen_modules=off\n"}
,{"stream_name":"stderr","time":7.483792447,"data":"0.00s - to python to disable frozen modules.\n"}
,{"stream_name":"stderr","time":7.483796248,"data":"0.00s - Note: Debugging will proceed. Set PYDEVD_DISABLE_FILE_VALIDATION=1 to disable this validation.\n"}
,{"stream_name":"stdout","time":8.545059147,"data":"Writing train_diffusion_nullfusion_chikusei.py\n"}
,{"stream_name":"stdout","time":12.915545577,"data":"Setup done\n"}
,{"stream_name":"stdout","time":18.249193815,"data":"Device: cuda\r\n"}
,{"stream_name":"stdout","time":18.300215533,"data":"GPU: Tesla T4\r\n"}
,{"stream_name":"stdout","time":18.300243623,"data":"Memory: 15.6 GB\r\n"}
,{"stream_name":"stdout","time":18.706446705,"data":"Model: Diffusion-NullFusion Chikusei -- 3.19M params\r\n"}
,{"stream_name":"stdout","time":18.706487746,"data":"Config: patch=64 batch=2 dim=48\r\n"}
,{"stream_name":"stdout","time":18.7064948,"data":"Traceback (most recent call last):\r\n"}
,{"stream_name":"stdout","time":18.706500142,"data":"  File \"/kaggle/working/train_diffusion_nullfusion_chikusei.py\", line 1217, in \u003cmodule\u003e\r\n"}
,{"stream_name":"stdout","time":18.70650551,"data":"    main()\r\n"}
,{"stream_name":"stdout","time":18.706509793,"data":"  File \"/kaggle/working/train_diffusion_nullfusion_chikusei.py\", line 983, in main\r\n"}
,{"stream_name":"stdout","time":18.7065147,"data":"    train_ds = ChikuseiDataset(args.root, \"train\", args.bands, args.scale, args.patch)\r\n"}
,{"stream_name":"stdout","time":18.706519276999998,"data":"               ^^^^^^^^^^^^^^^^^^^^^^^^^^^^^^^^^^^^^^^^^^^^^^^^^^^^^^^^^^^^^^^^^^^^^^^\r\n"}
,{"stream_name":"stdout","time":18.70652379,"data":"  File \"/kaggle/working/train_diffusion_nullfusion_chikusei.py\", line 542, in __init__\r\n"}
,{"stream_name":"stdout","time":18.706531196,"data":"    self.cube = self._load_cube(root)\r\n"}
,{"stream_name":"stdout","time":18.706534264,"data":"                ^^^^^^^^^^^^^^^^^^^^^\r\n"}
,{"stream_name":"stdout","time":18.706537217,"data":"  File \"/kaggle/working/train_diffusion_nullfusion_chikusei.py\", line 563, in _load_cube\r\n"}
,{"stream_name":"stdout","time":18.706540282,"data":"    raise FileNotFoundError(\r\n"}
,{"stream_name":"stdout","time":18.706543255,"data":"FileNotFoundError: No .mat files found under /kaggle/input/chikusei\r\n"}
,{"stream_name":"stdout","time":18.706546484,"data":"\r\n"}
,{"stream_name":"stderr","time":22.968817553,"data":"/usr/local/lib/python3.12/dist-packages/mistune.py:435: SyntaxWarning: invalid escape sequence '\\|'\n"}
,{"stream_name":"stderr","time":22.968845415,"data":"  cells[i][c] = re.sub('\\\\\\\\\\|', '|', cell)\n"}
,{"stream_name":"stderr","time":23.117297377,"data":"/usr/local/lib/python3.12/dist-packages/nbconvert/filters/filter_links.py:36: SyntaxWarning: invalid escape sequence '\\_'\n"}
,{"stream_name":"stderr","time":23.117324056,"data":"  text = re.sub(r'_', '\\_', text) # Escape underscores in display text\n"}
,{"stream_name":"stderr","time":23.701040362,"data":"[NbConvertApp] Converting notebook __notebook__.ipynb to notebook\n"}
,{"stream_name":"stderr","time":23.999467483,"data":"[NbConvertApp] Writing 62588 bytes to __notebook__.ipynb\n"}
,{"stream_name":"stderr","time":26.311438245,"data":"[NbConvertApp] Converting notebook __notebook__.ipynb to html\n"}
,{"stream_name":"stderr","time":27.246446333,"data":"[NbConvertApp] Writing 568103 bytes to __results__.html\n"}
]